// Jest Snapshot v1, https://goo.gl/fbAQLP

exports[`<GridTwoColumns/> should render two columns grid 1`] = `
.c5 {
  color: #0A1128;
  font-size: 6.4rem;
  text-transform: none;
}

.c2 {
  display: grid;
  grid-template-columns: 1fr 2fr;
  -webkit-align-items: center;
  -webkit-box-align: center;
  -ms-flex-align: center;
  align-items: center;
  gap: 3.2rem;
}

.c2 .c4 {
  text-align: center;
  margin-bottom: 4.0rem;
}

.c3 {
  text-align: justify;
}

.c7 {
  margin-top: 10rem;
  margin-left: 25rem;
}

.c1 {
  max-width: 120rem;
  margin: 0 auto;
  padding: 3.2rem;
}

.c0 {
  background: #FFFFFF;
  color: #0A1128;
  min-height: 100vh;
  display: -webkit-box;
  display: -webkit-flex;
  display: -ms-flexbox;
  display: flex;
  -webkit-align-items: center;
  -webkit-box-align: center;
  -ms-flex-align: center;
  align-items: center;
}

.c6 {
  font-size: 2.4rem;
}

@media (max-width:768px) {
  .c5 {
    font-size: 4.0rem;
  }
}

@media (max-width:768px) {
  .c2 {
    grid-template-columns: 1fr;
    text-align: justify;
  }
}

@media (max-width:768px) {
  .c3 {
    margin-bottom: 3.2rem;
  }
}

<div>
  <div
    class="c0"
  >
    <div
      class="c1"
    >
      <div
        class="c2"
      >
        <div
          class="c3"
        >
          <h1
            class="c4 c5"
          >
            Grid two columns
          </h1>
          <p
            class="c6"
          >
            It is a long established fact that a reader will be distracted by the readable content of a page when looking at its layout. The point of using Lorem Ipsum is that it has a more-or-less normal distribution of letters, as opposed to using 'Content here, content here', making it look like readable English. Many desktop publishing packages and web page editors now use Lorem Ipsum as their default model text, and a search for.
          </p>
        </div>
        <div
          class="c7"
        >
          <img
            alt="Grid two columns"
            class=""
            src="assets/images/folha.svg"
          />
        </div>
      </div>
    </div>
  </div>
</div>
`;
